Archive member included to satisfy reference by file (symbol)

/usr/local/gcc_arm/bin/../lib/gcc/arm-none-eabi/5.4.1/../../../../arm-none-eabi/lib/armv7e-m/fpu/libg_nano.a(lib_a-errno.o)
                              objdir/stm32f3_sysmem.o (__errno)
/usr/local/gcc_arm/bin/../lib/gcc/arm-none-eabi/5.4.1/../../../../arm-none-eabi/lib/armv7e-m/fpu/libg_nano.a(lib_a-exit.o)
                              /usr/local/gcc_arm/bin/../lib/gcc/arm-none-eabi/5.4.1/../../../../arm-none-eabi/lib/armv7e-m/fpu/crt0.o (exit)
/usr/local/gcc_arm/bin/../lib/gcc/arm-none-eabi/5.4.1/../../../../arm-none-eabi/lib/armv7e-m/fpu/libg_nano.a(lib_a-impure.o)
                              /usr/local/gcc_arm/bin/../lib/gcc/arm-none-eabi/5.4.1/../../../../arm-none-eabi/lib/armv7e-m/fpu/libg_nano.a(lib_a-exit.o) (_global_impure_ptr)
/usr/local/gcc_arm/bin/../lib/gcc/arm-none-eabi/5.4.1/../../../../arm-none-eabi/lib/armv7e-m/fpu/libg_nano.a(lib_a-init.o)
                              /usr/local/gcc_arm/bin/../lib/gcc/arm-none-eabi/5.4.1/../../../../arm-none-eabi/lib/armv7e-m/fpu/crt0.o (__libc_init_array)
/usr/local/gcc_arm/bin/../lib/gcc/arm-none-eabi/5.4.1/../../../../arm-none-eabi/lib/armv7e-m/fpu/libg_nano.a(lib_a-memset.o)
                              /usr/local/gcc_arm/bin/../lib/gcc/arm-none-eabi/5.4.1/../../../../arm-none-eabi/lib/armv7e-m/fpu/crt0.o (memset)

Allocating common symbols
Common symbol       size              file

UartHandle          0x70              objdir/stm32f3_hal.o
enckey              0x10              objdir/aes-independant.o

Discarded input sections

 .text          0x00000000        0x0 /usr/local/gcc_arm/bin/../lib/gcc/arm-none-eabi/5.4.1/armv7e-m/fpu/crti.o
 .data          0x00000000        0x0 /usr/local/gcc_arm/bin/../lib/gcc/arm-none-eabi/5.4.1/armv7e-m/fpu/crti.o
 .bss           0x00000000        0x0 /usr/local/gcc_arm/bin/../lib/gcc/arm-none-eabi/5.4.1/armv7e-m/fpu/crti.o
 .data          0x00000000        0x4 /usr/local/gcc_arm/bin/../lib/gcc/arm-none-eabi/5.4.1/armv7e-m/fpu/crtbegin.o
 .text          0x00000000       0x74 /usr/local/gcc_arm/bin/../lib/gcc/arm-none-eabi/5.4.1/../../../../arm-none-eabi/lib/armv7e-m/fpu/crt0.o
 .data          0x00000000        0x0 /usr/local/gcc_arm/bin/../lib/gcc/arm-none-eabi/5.4.1/../../../../arm-none-eabi/lib/armv7e-m/fpu/crt0.o
 .bss           0x00000000        0x0 /usr/local/gcc_arm/bin/../lib/gcc/arm-none-eabi/5.4.1/../../../../arm-none-eabi/lib/armv7e-m/fpu/crt0.o
 .ARM.extab     0x00000000        0x0 /usr/local/gcc_arm/bin/../lib/gcc/arm-none-eabi/5.4.1/../../../../arm-none-eabi/lib/armv7e-m/fpu/crt0.o
 .ARM.exidx     0x00000000        0x8 /usr/local/gcc_arm/bin/../lib/gcc/arm-none-eabi/5.4.1/../../../../arm-none-eabi/lib/armv7e-m/fpu/crt0.o
 .ARM.attributes
                0x00000000       0x20 /usr/local/gcc_arm/bin/../lib/gcc/arm-none-eabi/5.4.1/../../../../arm-none-eabi/lib/armv7e-m/fpu/crt0.o
 .text          0x00000000        0x0 objdir/simpleserial-base.o
 .data          0x00000000        0x0 objdir/simpleserial-base.o
 .bss           0x00000000        0x0 objdir/simpleserial-base.o
 .text          0x00000000        0x0 objdir/simpleserial.o
 .data          0x00000000        0x0 objdir/simpleserial.o
 .text          0x00000000        0x0 objdir/stm32f3_hal.o
 .data          0x00000000        0x0 objdir/stm32f3_hal.o
 .bss           0x00000000        0x0 objdir/stm32f3_hal.o
 .text.trigger_high
                0x00000000        0xe objdir/stm32f3_hal.o
 .text.trigger_low
                0x00000000        0xe objdir/stm32f3_hal.o
 .text          0x00000000        0x0 objdir/stm32f3_hal_lowlevel.o
 .data          0x00000000        0x4 objdir/stm32f3_hal_lowlevel.o
 .text.HAL_NVIC_SetPriority
                0x00000000       0x68 objdir/stm32f3_hal_lowlevel.o
 .text.HAL_InitTick
                0x00000000        0xc objdir/stm32f3_hal_lowlevel.o
 .text.HAL_IncTick
                0x00000000        0x2 objdir/stm32f3_hal_lowlevel.o
 .text.HAL_RCC_GetSysClockFreq
                0x00000000        0x6 objdir/stm32f3_hal_lowlevel.o
 .text.HAL_RCC_GetPCLK1Freq
                0x00000000        0x6 objdir/stm32f3_hal_lowlevel.o
 .text.HAL_RCC_GetPCLK2Freq
                0x00000000        0x6 objdir/stm32f3_hal_lowlevel.o
 .text          0x00000000        0x0 objdir/stm32f3_sysmem.o
 .data          0x00000000        0x0 objdir/stm32f3_sysmem.o
 .bss           0x00000000        0x4 objdir/stm32f3_sysmem.o
 .text._sbrk    0x00000000       0x34 objdir/stm32f3_sysmem.o
 .debug_info    0x00000000      0x123 objdir/stm32f3_sysmem.o
 .debug_abbrev  0x00000000       0xcd objdir/stm32f3_sysmem.o
 .debug_loc     0x00000000       0x6e objdir/stm32f3_sysmem.o
 .debug_aranges
                0x00000000       0x20 objdir/stm32f3_sysmem.o
 .debug_ranges  0x00000000       0x10 objdir/stm32f3_sysmem.o
 .debug_line    0x00000000       0x9d objdir/stm32f3_sysmem.o
 .debug_str     0x00000000      0x234 objdir/stm32f3_sysmem.o
 .comment       0x00000000       0x6f objdir/stm32f3_sysmem.o
 .debug_frame   0x00000000       0x2c objdir/stm32f3_sysmem.o
 .ARM.attributes
                0x00000000       0x39 objdir/stm32f3_sysmem.o
 .text          0x00000000        0x0 objdir/aes.o
 .data          0x00000000      0x20b objdir/aes.o
 .bss           0x00000000       0xb8 objdir/aes.o
 .text.KeyExpansion
                0x00000000       0xbc objdir/aes.o
 .text.AddRoundKey
                0x00000000       0x38 objdir/aes.o
 .text.SubBytes
                0x00000000       0x30 objdir/aes.o
 .text.ShiftRows
                0x00000000       0x3c objdir/aes.o
 .text.xtime    0x00000000       0x12 objdir/aes.o
 .text.InvSubBytes
                0x00000000       0x34 objdir/aes.o
 .text.InvShiftRows
                0x00000000       0x3c objdir/aes.o
 .text.Cipher   0x00000000       0xa4 objdir/aes.o
 .text.AES128_ECB_indp_setkey
                0x00000000        0xc objdir/aes.o
 .text.AES128_ECB_indp_crypto
                0x00000000       0x10 objdir/aes.o
 .text.AES128_ECB_encrypt
                0x00000000       0x2c objdir/aes.o
 .text.AES128_ECB_decrypt
                0x00000000      0x180 objdir/aes.o
 .debug_info    0x00000000      0x8d1 objdir/aes.o
 .debug_abbrev  0x00000000      0x2bf objdir/aes.o
 .debug_loc     0x00000000      0x6cf objdir/aes.o
 .debug_aranges
                0x00000000       0x78 objdir/aes.o
 .debug_ranges  0x00000000       0xe8 objdir/aes.o
 .debug_line    0x00000000      0x327 objdir/aes.o
 .debug_str     0x00000000      0x34f objdir/aes.o
 .comment       0x00000000       0x6f objdir/aes.o
 .debug_frame   0x00000000      0x1a0 objdir/aes.o
 .ARM.attributes
                0x00000000       0x39 objdir/aes.o
 .text          0x00000000        0x0 objdir/aes-independant.o
 .data          0x00000000        0x0 objdir/aes-independant.o
 .bss           0x00000000        0x0 objdir/aes-independant.o
 .text.aes_indep_init
                0x00000000        0x2 objdir/aes-independant.o
 .text.aes_indep_key
                0x00000000        0x4 objdir/aes-independant.o
 .text.aes_indep_enc
                0x00000000        0x4 objdir/aes-independant.o
 .text.aes_indep_mask
                0x00000000        0x2 objdir/aes-independant.o
 .debug_info    0x00000000      0x17e objdir/aes-independant.o
 .debug_abbrev  0x00000000       0xe1 objdir/aes-independant.o
 .debug_loc     0x00000000       0x42 objdir/aes-independant.o
 .debug_aranges
                0x00000000       0x38 objdir/aes-independant.o
 .debug_ranges  0x00000000       0x28 objdir/aes-independant.o
 .debug_line    0x00000000      0x122 objdir/aes-independant.o
 .debug_str     0x00000000      0x270 objdir/aes-independant.o
 .comment       0x00000000       0x6f objdir/aes-independant.o
 .debug_frame   0x00000000       0x50 objdir/aes-independant.o
 .ARM.attributes
                0x00000000       0x39 objdir/aes-independant.o
 COMMON         0x00000000       0x10 objdir/aes-independant.o
 .text          0x00000000       0x14 objdir/stm32f3_startup.o
 .data          0x00000000        0x0 objdir/stm32f3_startup.o
 .bss           0x00000000        0x0 objdir/stm32f3_startup.o
 .text          0x00000000        0x0 /usr/local/gcc_arm/bin/../lib/gcc/arm-none-eabi/5.4.1/../../../../arm-none-eabi/lib/armv7e-m/fpu/libg_nano.a(lib_a-errno.o)
 .data          0x00000000        0x0 /usr/local/gcc_arm/bin/../lib/gcc/arm-none-eabi/5.4.1/../../../../arm-none-eabi/lib/armv7e-m/fpu/libg_nano.a(lib_a-errno.o)
 .bss           0x00000000        0x0 /usr/local/gcc_arm/bin/../lib/gcc/arm-none-eabi/5.4.1/../../../../arm-none-eabi/lib/armv7e-m/fpu/libg_nano.a(lib_a-errno.o)
 .text.__errno  0x00000000        0xc /usr/local/gcc_arm/bin/../lib/gcc/arm-none-eabi/5.4.1/../../../../arm-none-eabi/lib/armv7e-m/fpu/libg_nano.a(lib_a-errno.o)
 .debug_frame   0x00000000       0x20 /usr/local/gcc_arm/bin/../lib/gcc/arm-none-eabi/5.4.1/../../../../arm-none-eabi/lib/armv7e-m/fpu/libg_nano.a(lib_a-errno.o)
 .ARM.attributes
                0x00000000       0x34 /usr/local/gcc_arm/bin/../lib/gcc/arm-none-eabi/5.4.1/../../../../arm-none-eabi/lib/armv7e-m/fpu/libg_nano.a(lib_a-errno.o)
 .text          0x00000000        0x0 /usr/local/gcc_arm/bin/../lib/gcc/arm-none-eabi/5.4.1/../../../../arm-none-eabi/lib/armv7e-m/fpu/libg_nano.a(lib_a-exit.o)
 .data          0x00000000        0x0 /usr/local/gcc_arm/bin/../lib/gcc/arm-none-eabi/5.4.1/../../../../arm-none-eabi/lib/armv7e-m/fpu/libg_nano.a(lib_a-exit.o)
 .bss           0x00000000        0x0 /usr/local/gcc_arm/bin/../lib/gcc/arm-none-eabi/5.4.1/../../../../arm-none-eabi/lib/armv7e-m/fpu/libg_nano.a(lib_a-exit.o)
 .text.exit     0x00000000       0x28 /usr/local/gcc_arm/bin/../lib/gcc/arm-none-eabi/5.4.1/../../../../arm-none-eabi/lib/armv7e-m/fpu/libg_nano.a(lib_a-exit.o)
 .debug_frame   0x00000000       0x28 /usr/local/gcc_arm/bin/../lib/gcc/arm-none-eabi/5.4.1/../../../../arm-none-eabi/lib/armv7e-m/fpu/libg_nano.a(lib_a-exit.o)
 .ARM.attributes
                0x00000000       0x34 /usr/local/gcc_arm/bin/../lib/gcc/arm-none-eabi/5.4.1/../../../../arm-none-eabi/lib/armv7e-m/fpu/libg_nano.a(lib_a-exit.o)
 .text          0x00000000        0x0 /usr/local/gcc_arm/bin/../lib/gcc/arm-none-eabi/5.4.1/../../../../arm-none-eabi/lib/armv7e-m/fpu/libg_nano.a(lib_a-impure.o)
 .data          0x00000000        0x0 /usr/local/gcc_arm/bin/../lib/gcc/arm-none-eabi/5.4.1/../../../../arm-none-eabi/lib/armv7e-m/fpu/libg_nano.a(lib_a-impure.o)
 .bss           0x00000000        0x0 /usr/local/gcc_arm/bin/../lib/gcc/arm-none-eabi/5.4.1/../../../../arm-none-eabi/lib/armv7e-m/fpu/libg_nano.a(lib_a-impure.o)
 .data.impure_data
                0x00000000       0x60 /usr/local/gcc_arm/bin/../lib/gcc/arm-none-eabi/5.4.1/../../../../arm-none-eabi/lib/armv7e-m/fpu/libg_nano.a(lib_a-impure.o)
 .data._impure_ptr
                0x00000000        0x4 /usr/local/gcc_arm/bin/../lib/gcc/arm-none-eabi/5.4.1/../../../../arm-none-eabi/lib/armv7e-m/fpu/libg_nano.a(lib_a-impure.o)
 .rodata._global_impure_ptr
                0x00000000        0x4 /usr/local/gcc_arm/bin/../lib/gcc/arm-none-eabi/5.4.1/../../../../arm-none-eabi/lib/armv7e-m/fpu/libg_nano.a(lib_a-impure.o)
 .ARM.attributes
                0x00000000       0x34 /usr/local/gcc_arm/bin/../lib/gcc/arm-none-eabi/5.4.1/../../../../arm-none-eabi/lib/armv7e-m/fpu/libg_nano.a(lib_a-impure.o)
 .text          0x00000000        0x0 /usr/local/gcc_arm/bin/../lib/gcc/arm-none-eabi/5.4.1/../../../../arm-none-eabi/lib/armv7e-m/fpu/libg_nano.a(lib_a-init.o)
 .data          0x00000000        0x0 /usr/local/gcc_arm/bin/../lib/gcc/arm-none-eabi/5.4.1/../../../../arm-none-eabi/lib/armv7e-m/fpu/libg_nano.a(lib_a-init.o)
 .bss           0x00000000        0x0 /usr/local/gcc_arm/bin/../lib/gcc/arm-none-eabi/5.4.1/../../../../arm-none-eabi/lib/armv7e-m/fpu/libg_nano.a(lib_a-init.o)
 .text          0x00000000        0x0 /usr/local/gcc_arm/bin/../lib/gcc/arm-none-eabi/5.4.1/../../../../arm-none-eabi/lib/armv7e-m/fpu/libg_nano.a(lib_a-memset.o)
 .data          0x00000000        0x0 /usr/local/gcc_arm/bin/../lib/gcc/arm-none-eabi/5.4.1/../../../../arm-none-eabi/lib/armv7e-m/fpu/libg_nano.a(lib_a-memset.o)
 .bss           0x00000000        0x0 /usr/local/gcc_arm/bin/../lib/gcc/arm-none-eabi/5.4.1/../../../../arm-none-eabi/lib/armv7e-m/fpu/libg_nano.a(lib_a-memset.o)
 .text.memset   0x00000000       0x10 /usr/local/gcc_arm/bin/../lib/gcc/arm-none-eabi/5.4.1/../../../../arm-none-eabi/lib/armv7e-m/fpu/libg_nano.a(lib_a-memset.o)
 .debug_frame   0x00000000       0x20 /usr/local/gcc_arm/bin/../lib/gcc/arm-none-eabi/5.4.1/../../../../arm-none-eabi/lib/armv7e-m/fpu/libg_nano.a(lib_a-memset.o)
 .ARM.attributes
                0x00000000       0x34 /usr/local/gcc_arm/bin/../lib/gcc/arm-none-eabi/5.4.1/../../../../arm-none-eabi/lib/armv7e-m/fpu/libg_nano.a(lib_a-memset.o)
 .text          0x00000000        0x0 /usr/local/gcc_arm/bin/../lib/gcc/arm-none-eabi/5.4.1/armv7e-m/fpu/crtend.o
 .data          0x00000000        0x0 /usr/local/gcc_arm/bin/../lib/gcc/arm-none-eabi/5.4.1/armv7e-m/fpu/crtend.o
 .bss           0x00000000        0x0 /usr/local/gcc_arm/bin/../lib/gcc/arm-none-eabi/5.4.1/armv7e-m/fpu/crtend.o
 .eh_frame      0x00000000        0x4 /usr/local/gcc_arm/bin/../lib/gcc/arm-none-eabi/5.4.1/armv7e-m/fpu/crtend.o
 .jcr           0x00000000        0x4 /usr/local/gcc_arm/bin/../lib/gcc/arm-none-eabi/5.4.1/armv7e-m/fpu/crtend.o
 .ARM.attributes
                0x00000000       0x34 /usr/local/gcc_arm/bin/../lib/gcc/arm-none-eabi/5.4.1/armv7e-m/fpu/crtend.o
 .text          0x00000000        0x0 /usr/local/gcc_arm/bin/../lib/gcc/arm-none-eabi/5.4.1/armv7e-m/fpu/crtn.o
 .data          0x00000000        0x0 /usr/local/gcc_arm/bin/../lib/gcc/arm-none-eabi/5.4.1/armv7e-m/fpu/crtn.o
 .bss           0x00000000        0x0 /usr/local/gcc_arm/bin/../lib/gcc/arm-none-eabi/5.4.1/armv7e-m/fpu/crtn.o

Memory Configuration

Name             Origin             Length             Attributes
RAM              0x20000000         0x00003000         xrw
ROM              0x08000000         0x00010000         xr
*default*        0x00000000         0xffffffff

Linker script and memory map

LOAD /usr/local/gcc_arm/bin/../lib/gcc/arm-none-eabi/5.4.1/armv7e-m/fpu/crti.o
LOAD /usr/local/gcc_arm/bin/../lib/gcc/arm-none-eabi/5.4.1/armv7e-m/fpu/crtbegin.o
LOAD /usr/local/gcc_arm/bin/../lib/gcc/arm-none-eabi/5.4.1/../../../../arm-none-eabi/lib/armv7e-m/fpu/crt0.o
LOAD objdir/simpleserial-base.o
LOAD objdir/simpleserial.o
LOAD objdir/stm32f3_hal.o
LOAD objdir/stm32f3_hal_lowlevel.o
LOAD objdir/stm32f3_sysmem.o
LOAD objdir/aes.o
LOAD objdir/aes-independant.o
LOAD objdir/stm32f3_startup.o
LOAD /usr/local/gcc_arm/bin/../lib/gcc/arm-none-eabi/5.4.1/../../../../arm-none-eabi/lib/armv7e-m/fpu/libm.a
LOAD /usr/local/gcc_arm/bin/../lib/gcc/arm-none-eabi/5.4.1/../../../../arm-none-eabi/lib/armv7e-m/fpu/libm.a
START GROUP
LOAD /usr/local/gcc_arm/bin/../lib/gcc/arm-none-eabi/5.4.1/armv7e-m/fpu/libgcc.a
LOAD /usr/local/gcc_arm/bin/../lib/gcc/arm-none-eabi/5.4.1/../../../../arm-none-eabi/lib/armv7e-m/fpu/libg_nano.a
LOAD /usr/local/gcc_arm/bin/../lib/gcc/arm-none-eabi/5.4.1/../../../../arm-none-eabi/lib/armv7e-m/fpu/libc_nano.a
END GROUP
START GROUP
LOAD /usr/local/gcc_arm/bin/../lib/gcc/arm-none-eabi/5.4.1/armv7e-m/fpu/libgcc.a
LOAD /usr/local/gcc_arm/bin/../lib/gcc/arm-none-eabi/5.4.1/../../../../arm-none-eabi/lib/armv7e-m/fpu/libc_nano.a
END GROUP
LOAD /usr/local/gcc_arm/bin/../lib/gcc/arm-none-eabi/5.4.1/armv7e-m/fpu/crtend.o
LOAD /usr/local/gcc_arm/bin/../lib/gcc/arm-none-eabi/5.4.1/armv7e-m/fpu/crtn.o
                0x20003000                _estack = 0x20003000
                0x00000000                _Min_Heap_Size = 0x0
                0x00000400                _Min_Stack_Size = 0x400

.isr_vector     0x08000000      0x188
                0x08000000                . = ALIGN (0x4)
 *(.isr_vector)
 .isr_vector    0x08000000      0x188 objdir/stm32f3_startup.o
                0x08000000                g_pfnVectors
                0x08000188                . = ALIGN (0x4)

.text           0x08000188     0x10bc
                0x08000188                . = ALIGN (0x4)
 *(.text)
 .text          0x08000188       0x5c /usr/local/gcc_arm/bin/../lib/gcc/arm-none-eabi/5.4.1/armv7e-m/fpu/crtbegin.o
 *(.text*)
 .text.reset    0x080001e4        0x4 objdir/simpleserial-base.o
                0x080001e4                reset
 .text.get_pt   0x080001e8       0x64 objdir/simpleserial-base.o
                0x080001e8                get_pt
 .text.get_key  0x0800024c        0x4 objdir/simpleserial-base.o
                0x0800024c                get_key
 .text.startup.main
                0x08000250       0x44 objdir/simpleserial-base.o
                0x08000250                main
 .text.check_version
                0x08000294        0x4 objdir/simpleserial.o
                0x08000294                check_version
 .text.hex_decode
                0x08000298       0x76 objdir/simpleserial.o
                0x08000298                hex_decode
 *fill*         0x0800030e        0x2 
 .text.simpleserial_addcmd
                0x08000310       0x2c objdir/simpleserial.o
                0x08000310                simpleserial_addcmd
 .text.simpleserial_init
                0x0800033c       0x10 objdir/simpleserial.o
                0x0800033c                simpleserial_init
 .text.simpleserial_put
                0x0800034c       0x44 objdir/simpleserial.o
                0x0800034c                simpleserial_put
 .text.simpleserial_get
                0x08000390       0x88 objdir/simpleserial.o
                0x08000390                simpleserial_get
 .text.platform_init
                0x08000418       0x34 objdir/stm32f3_hal.o
                0x08000418                platform_init
 .text.init_uart
                0x0800044c       0x78 objdir/stm32f3_hal.o
                0x0800044c                init_uart
 .text.trigger_setup
                0x080004c4       0x48 objdir/stm32f3_hal.o
                0x080004c4                trigger_setup
 .text.getch    0x0800050c       0x24 objdir/stm32f3_hal.o
                0x0800050c                getch
 .text.putch    0x08000530       0x20 objdir/stm32f3_hal.o
                0x08000530                putch
 .text.HAL_GetTick
                0x08000550       0x10 objdir/stm32f3_hal_lowlevel.o
                0x08000550                HAL_GetTick
 .text.HAL_RCC_OscConfig
                0x08000560      0x4e4 objdir/stm32f3_hal_lowlevel.o
                0x08000560                HAL_RCC_OscConfig
 .text.HAL_RCC_ClockConfig
                0x08000a44      0x148 objdir/stm32f3_hal_lowlevel.o
                0x08000a44                HAL_RCC_ClockConfig
 .text.HAL_GPIO_Init
                0x08000b8c      0x194 objdir/stm32f3_hal_lowlevel.o
                0x08000b8c                HAL_GPIO_Init
 .text.HAL_GPIO_WritePin
                0x08000d20        0xa objdir/stm32f3_hal_lowlevel.o
                0x08000d20                HAL_GPIO_WritePin
 *fill*         0x08000d2a        0x2 
 .text.UART_SetConfig
                0x08000d2c      0x1cc objdir/stm32f3_hal_lowlevel.o
                0x08000d2c                UART_SetConfig
 .text.UART_WaitOnFlagUntilTimeout
                0x08000ef8       0x58 objdir/stm32f3_hal_lowlevel.o
                0x08000ef8                UART_WaitOnFlagUntilTimeout
 .text.UART_CheckIdleState
                0x08000f50       0x68 objdir/stm32f3_hal_lowlevel.o
                0x08000f50                UART_CheckIdleState
 .text.HAL_UART_Init
                0x08000fb8       0x56 objdir/stm32f3_hal_lowlevel.o
                0x08000fb8                HAL_UART_Init
 .text.HAL_UART_Transmit
                0x0800100e       0xb0 objdir/stm32f3_hal_lowlevel.o
                0x0800100e                HAL_UART_Transmit
 .text.HAL_UART_Receive
                0x080010be       0xd6 objdir/stm32f3_hal_lowlevel.o
                0x080010be                HAL_UART_Receive
 .text.Reset_Handler
                0x08001194       0x48 objdir/stm32f3_startup.o
                0x08001194                Reset_Handler
 .text.Default_Handler
                0x080011dc        0x2 objdir/stm32f3_startup.o
                0x080011dc                DebugMon_Handler
                0x080011dc                HardFault_Handler
                0x080011dc                SysTick_Handler
                0x080011dc                PendSV_Handler
                0x080011dc                NMI_Handler
                0x080011dc                UsageFault_Handler
                0x080011dc                Default_Handler
                0x080011dc                MemManage_Handler
                0x080011dc                SVC_Handler
                0x080011dc                BusFault_Handler
 *fill*         0x080011de        0x2 
 .text.__libc_init_array
                0x080011e0       0x4c /usr/local/gcc_arm/bin/../lib/gcc/arm-none-eabi/5.4.1/../../../../arm-none-eabi/lib/armv7e-m/fpu/libg_nano.a(lib_a-init.o)
                0x080011e0                __libc_init_array
 *(.glue_7)
 .glue_7        0x0800122c        0x0 linker stubs
 *(.glue_7t)
 .glue_7t       0x0800122c        0x0 linker stubs
 *(.eh_frame)
 .eh_frame      0x0800122c        0x0 /usr/local/gcc_arm/bin/../lib/gcc/arm-none-eabi/5.4.1/armv7e-m/fpu/crtbegin.o
 *(.init)
 .init          0x0800122c        0x4 /usr/local/gcc_arm/bin/../lib/gcc/arm-none-eabi/5.4.1/armv7e-m/fpu/crti.o
                0x0800122c                _init
 .init          0x08001230        0x8 /usr/local/gcc_arm/bin/../lib/gcc/arm-none-eabi/5.4.1/armv7e-m/fpu/crtn.o
 *(.fini)
 .fini          0x08001238        0x4 /usr/local/gcc_arm/bin/../lib/gcc/arm-none-eabi/5.4.1/armv7e-m/fpu/crti.o
                0x08001238                _fini
 .fini          0x0800123c        0x8 /usr/local/gcc_arm/bin/../lib/gcc/arm-none-eabi/5.4.1/armv7e-m/fpu/crtn.o
                0x08001244                . = ALIGN (0x4)
                0x08001244                _etext = .

.vfp11_veneer   0x08001244        0x0
 .vfp11_veneer  0x08001244        0x0 linker stubs

.v4_bx          0x08001244        0x0
 .v4_bx         0x08001244        0x0 linker stubs

.iplt           0x08001244        0x0
 .iplt          0x08001244        0x0 /usr/local/gcc_arm/bin/../lib/gcc/arm-none-eabi/5.4.1/armv7e-m/fpu/crtbegin.o

.rodata         0x08001244       0x14
                0x08001244                . = ALIGN (0x4)
 *(.rodata)
 .rodata        0x08001244       0x10 objdir/simpleserial.o
 .rodata        0x08001254        0x4 objdir/stm32f3_hal_lowlevel.o
 *(.rodata*)
                0x08001258                . = ALIGN (0x4)

.rel.dyn        0x08001258        0x0
 .rel.iplt      0x08001258        0x0 /usr/local/gcc_arm/bin/../lib/gcc/arm-none-eabi/5.4.1/armv7e-m/fpu/crtbegin.o

.ARM.extab      0x08001258        0x0
                0x08001258                . = ALIGN (0x4)
 *(.ARM.extab* .gnu.linkonce.armextab.*)
                0x08001258                . = ALIGN (0x4)

.ARM            0x08001258        0x0
                0x08001258                . = ALIGN (0x4)
                0x08001258                __exidx_start = .
 *(.ARM.exidx*)
                0x08001258                __exidx_end = .
                0x08001258                . = ALIGN (0x4)

.preinit_array  0x08001258        0x0
                0x08001258                . = ALIGN (0x4)
                0x08001258                PROVIDE (__preinit_array_start, .)
 *(.preinit_array*)
                0x08001258                PROVIDE (__preinit_array_end, .)
                0x08001258                . = ALIGN (0x4)

.init_array     0x08001258        0x4
                0x08001258                . = ALIGN (0x4)
                0x08001258                PROVIDE (__init_array_start, .)
 *(SORT(.init_array.*))
 *(.init_array*)
 .init_array    0x08001258        0x4 /usr/local/gcc_arm/bin/../lib/gcc/arm-none-eabi/5.4.1/armv7e-m/fpu/crtbegin.o
                0x0800125c                PROVIDE (__init_array_end, .)
                0x0800125c                . = ALIGN (0x4)

.fini_array     0x0800125c        0x4
                0x0800125c                . = ALIGN (0x4)
                [!provide]                PROVIDE (__fini_array_start, .)
 *(SORT(.fini_array.*))
 *(.fini_array*)
 .fini_array    0x0800125c        0x4 /usr/local/gcc_arm/bin/../lib/gcc/arm-none-eabi/5.4.1/armv7e-m/fpu/crtbegin.o
                [!provide]                PROVIDE (__fini_array_end, .)
                0x08001260                . = ALIGN (0x4)
                0x08001260                _sidata = LOADADDR (.data)

.data           0x20000000        0x0 load address 0x08001260
                0x20000000                . = ALIGN (0x4)
                0x20000000                _sdata = .
 *(.data)
 *(.data*)
                0x20000000                . = ALIGN (0x4)
                0x20000000                _edata = .

.jcr            0x20000000        0x0 load address 0x08001260
 .jcr           0x20000000        0x0 /usr/local/gcc_arm/bin/../lib/gcc/arm-none-eabi/5.4.1/armv7e-m/fpu/crtbegin.o

.igot.plt       0x20000000        0x0 load address 0x08001260
 .igot.plt      0x20000000        0x0 /usr/local/gcc_arm/bin/../lib/gcc/arm-none-eabi/5.4.1/armv7e-m/fpu/crtbegin.o
                0x20000000                . = ALIGN (0x4)

.bss            0x20000000      0x110 load address 0x08001260
                0x20000000                _sbss = .
                0x20000000                __bss_start__ = _sbss
 *(.bss)
 .bss           0x20000000       0x1c /usr/local/gcc_arm/bin/../lib/gcc/arm-none-eabi/5.4.1/armv7e-m/fpu/crtbegin.o
 .bss           0x2000001c       0x7c objdir/simpleserial.o
 .bss           0x20000098        0x8 objdir/stm32f3_hal_lowlevel.o
                0x20000098                hal_sys_tick
                0x2000009c                uwTick
 *(.bss*)
 *(COMMON)
 COMMON         0x200000a0       0x70 objdir/stm32f3_hal.o
                0x200000a0                UartHandle
                0x20000110                . = ALIGN (0x4)
                0x20000110                _ebss = .
                0x20000110                __bss_end__ = _ebss

._user_heap_stack
                0x20000110      0x400 load address 0x08001260
                0x20000110                . = ALIGN (0x8)
                0x20000110                PROVIDE (end, .)
                [!provide]                PROVIDE (_end, .)
                0x20000110                . = (. + _Min_Heap_Size)
                0x20000510                . = (. + _Min_Stack_Size)
 *fill*         0x20000110      0x400 
                0x20000510                . = ALIGN (0x8)

/DISCARD/
 libc.a(*)
 libm.a(*)
 libgcc.a(*)

.ARM.attributes
                0x00000000       0x30
 *(.ARM.attributes)
 .ARM.attributes
                0x00000000       0x22 /usr/local/gcc_arm/bin/../lib/gcc/arm-none-eabi/5.4.1/armv7e-m/fpu/crti.o
 .ARM.attributes
                0x00000022       0x34 /usr/local/gcc_arm/bin/../lib/gcc/arm-none-eabi/5.4.1/armv7e-m/fpu/crtbegin.o
 .ARM.attributes
                0x00000056       0x39 objdir/simpleserial-base.o
 .ARM.attributes
                0x0000008f       0x39 objdir/simpleserial.o
 .ARM.attributes
                0x000000c8       0x39 objdir/stm32f3_hal.o
 .ARM.attributes
                0x00000101       0x39 objdir/stm32f3_hal_lowlevel.o
 .ARM.attributes
                0x0000013a       0x25 objdir/stm32f3_startup.o
 .ARM.attributes
                0x0000015f       0x34 /usr/local/gcc_arm/bin/../lib/gcc/arm-none-eabi/5.4.1/../../../../arm-none-eabi/lib/armv7e-m/fpu/libg_nano.a(lib_a-init.o)
 .ARM.attributes
                0x00000193       0x22 /usr/local/gcc_arm/bin/../lib/gcc/arm-none-eabi/5.4.1/armv7e-m/fpu/crtn.o
OUTPUT(simpleserial-base-CWLITEARM.elf elf32-littlearm)

.debug_info     0x00000000     0x35e6
 .debug_info    0x00000000      0x22c objdir/simpleserial-base.o
 .debug_info    0x0000022c      0x434 objdir/simpleserial.o
 .debug_info    0x00000660      0xce2 objdir/stm32f3_hal.o
 .debug_info    0x00001342     0x22a4 objdir/stm32f3_hal_lowlevel.o

.debug_abbrev   0x00000000      0x91a
 .debug_abbrev  0x00000000      0x10a objdir/simpleserial-base.o
 .debug_abbrev  0x0000010a      0x1e6 objdir/simpleserial.o
 .debug_abbrev  0x000002f0      0x20b objdir/stm32f3_hal.o
 .debug_abbrev  0x000004fb      0x41f objdir/stm32f3_hal_lowlevel.o

.debug_loc      0x00000000     0x15f7
 .debug_loc     0x00000000       0x8d objdir/simpleserial-base.o
 .debug_loc     0x0000008d      0x349 objdir/simpleserial.o
 .debug_loc     0x000003d6      0x12e objdir/stm32f3_hal.o
 .debug_loc     0x00000504     0x10f3 objdir/stm32f3_hal_lowlevel.o

.debug_aranges  0x00000000      0x158
 .debug_aranges
                0x00000000       0x30 objdir/simpleserial-base.o
 .debug_aranges
                0x00000030       0x48 objdir/simpleserial.o
 .debug_aranges
                0x00000078       0x50 objdir/stm32f3_hal.o
 .debug_aranges
                0x000000c8       0x90 objdir/stm32f3_hal_lowlevel.o

.debug_ranges   0x00000000      0x2d8
 .debug_ranges  0x00000000       0x20 objdir/simpleserial-base.o
 .debug_ranges  0x00000020       0x58 objdir/simpleserial.o
 .debug_ranges  0x00000078       0x80 objdir/stm32f3_hal.o
 .debug_ranges  0x000000f8      0x1e0 objdir/stm32f3_hal_lowlevel.o

.debug_line     0x00000000      0xe42
 .debug_line    0x00000000      0x153 objdir/simpleserial-base.o
 .debug_line    0x00000153      0x1c9 objdir/simpleserial.o
 .debug_line    0x0000031c      0x24d objdir/stm32f3_hal.o
 .debug_line    0x00000569      0x8d9 objdir/stm32f3_hal_lowlevel.o

.debug_str      0x00000000     0x128c
 .debug_str     0x00000000      0x23b objdir/simpleserial-base.o
                                0x27c (size before relaxing)
 .debug_str     0x0000023b       0x8e objdir/simpleserial.o
                                0x2c7 (size before relaxing)
 .debug_str     0x000002c9      0x70e objdir/stm32f3_hal.o
                                0x978 (size before relaxing)
 .debug_str     0x000009d7      0x8b5 objdir/stm32f3_hal_lowlevel.o
                               0x11e8 (size before relaxing)

.comment        0x00000000       0x6e
 .comment       0x00000000       0x6e objdir/simpleserial-base.o
                                 0x6f (size before relaxing)
 .comment       0x0000006e       0x6f objdir/simpleserial.o
 .comment       0x0000006e       0x6f objdir/stm32f3_hal.o
 .comment       0x0000006e       0x6f objdir/stm32f3_hal_lowlevel.o

.debug_frame    0x00000000      0x434
 .debug_frame   0x00000000       0x68 objdir/simpleserial-base.o
 .debug_frame   0x00000068       0xcc objdir/simpleserial.o
 .debug_frame   0x00000134       0xcc objdir/stm32f3_hal.o
 .debug_frame   0x00000200      0x208 objdir/stm32f3_hal_lowlevel.o
 .debug_frame   0x00000408       0x2c /usr/local/gcc_arm/bin/../lib/gcc/arm-none-eabi/5.4.1/../../../../arm-none-eabi/lib/armv7e-m/fpu/libg_nano.a(lib_a-init.o)

.stab           0x00000000      0x144
 .stab          0x00000000      0x144 objdir/stm32f3_startup.o

.stabstr        0x00000000       0x34
 .stabstr       0x00000000       0x34 objdir/stm32f3_startup.o

Cross Reference Table

Symbol                                            File
AES128_ECB_decrypt                                objdir/aes.o
AES128_ECB_encrypt                                objdir/aes.o
AES128_ECB_indp_crypto                            objdir/aes.o
                                                  objdir/aes-independant.o
AES128_ECB_indp_setkey                            objdir/aes.o
                                                  objdir/aes-independant.o
BusFault_Handler                                  objdir/stm32f3_startup.o
DebugMon_Handler                                  objdir/stm32f3_startup.o
Default_Handler                                   objdir/stm32f3_startup.o
HAL_GPIO_Init                                     objdir/stm32f3_hal_lowlevel.o
                                                  objdir/stm32f3_hal.o
HAL_GPIO_WritePin                                 objdir/stm32f3_hal_lowlevel.o
                                                  objdir/stm32f3_hal.o
HAL_GetTick                                       objdir/stm32f3_hal_lowlevel.o
HAL_IncTick                                       objdir/stm32f3_hal_lowlevel.o
HAL_InitTick                                      objdir/stm32f3_hal_lowlevel.o
HAL_NVIC_SetPriority                              objdir/stm32f3_hal_lowlevel.o
HAL_RCC_ClockConfig                               objdir/stm32f3_hal_lowlevel.o
                                                  objdir/stm32f3_hal.o
HAL_RCC_GetPCLK1Freq                              objdir/stm32f3_hal_lowlevel.o
HAL_RCC_GetPCLK2Freq                              objdir/stm32f3_hal_lowlevel.o
HAL_RCC_GetSysClockFreq                           objdir/stm32f3_hal_lowlevel.o
HAL_RCC_OscConfig                                 objdir/stm32f3_hal_lowlevel.o
                                                  objdir/stm32f3_hal.o
HAL_UART_Init                                     objdir/stm32f3_hal_lowlevel.o
                                                  objdir/stm32f3_hal.o
HAL_UART_Receive                                  objdir/stm32f3_hal_lowlevel.o
                                                  objdir/stm32f3_hal.o
HAL_UART_Transmit                                 objdir/stm32f3_hal_lowlevel.o
                                                  objdir/stm32f3_hal.o
HardFault_Handler                                 objdir/stm32f3_startup.o
MemManage_Handler                                 objdir/stm32f3_startup.o
NMI_Handler                                       objdir/stm32f3_startup.o
PendSV_Handler                                    objdir/stm32f3_startup.o
Rcon                                              objdir/aes.o
Reset_Handler                                     objdir/stm32f3_startup.o
SVC_Handler                                       objdir/stm32f3_startup.o
SysTick_Handler                                   objdir/stm32f3_startup.o
SystemCoreClock                                   objdir/stm32f3_hal_lowlevel.o
SystemInit                                        objdir/stm32f3_startup.o
UART_CheckIdleState                               objdir/stm32f3_hal_lowlevel.o
UART_SetConfig                                    objdir/stm32f3_hal_lowlevel.o
UART_WaitOnFlagUntilTimeout                       objdir/stm32f3_hal_lowlevel.o
UartHandle                                        objdir/stm32f3_hal.o
UsageFault_Handler                                objdir/stm32f3_startup.o
_Jv_RegisterClasses                               /usr/local/gcc_arm/bin/../lib/gcc/arm-none-eabi/5.4.1/armv7e-m/fpu/crtbegin.o
__bss_end__                                       /usr/local/gcc_arm/bin/../lib/gcc/arm-none-eabi/5.4.1/../../../../arm-none-eabi/lib/armv7e-m/fpu/crt0.o
__bss_start__                                     /usr/local/gcc_arm/bin/../lib/gcc/arm-none-eabi/5.4.1/../../../../arm-none-eabi/lib/armv7e-m/fpu/crt0.o
__call_exitprocs                                  /usr/local/gcc_arm/bin/../lib/gcc/arm-none-eabi/5.4.1/../../../../arm-none-eabi/lib/armv7e-m/fpu/libg_nano.a(lib_a-exit.o)
__deregister_frame_info                           /usr/local/gcc_arm/bin/../lib/gcc/arm-none-eabi/5.4.1/armv7e-m/fpu/crtbegin.o
__dso_handle                                      /usr/local/gcc_arm/bin/../lib/gcc/arm-none-eabi/5.4.1/armv7e-m/fpu/crtbegin.o
__errno                                           /usr/local/gcc_arm/bin/../lib/gcc/arm-none-eabi/5.4.1/../../../../arm-none-eabi/lib/armv7e-m/fpu/libg_nano.a(lib_a-errno.o)
                                                  objdir/stm32f3_sysmem.o
__init_array_end                                  /usr/local/gcc_arm/bin/../lib/gcc/arm-none-eabi/5.4.1/../../../../arm-none-eabi/lib/armv7e-m/fpu/libg_nano.a(lib_a-init.o)
__init_array_start                                /usr/local/gcc_arm/bin/../lib/gcc/arm-none-eabi/5.4.1/../../../../arm-none-eabi/lib/armv7e-m/fpu/libg_nano.a(lib_a-init.o)
__libc_fini_array                                 /usr/local/gcc_arm/bin/../lib/gcc/arm-none-eabi/5.4.1/../../../../arm-none-eabi/lib/armv7e-m/fpu/crt0.o
__libc_init_array                                 /usr/local/gcc_arm/bin/../lib/gcc/arm-none-eabi/5.4.1/../../../../arm-none-eabi/lib/armv7e-m/fpu/libg_nano.a(lib_a-init.o)
                                                  objdir/stm32f3_startup.o
                                                  /usr/local/gcc_arm/bin/../lib/gcc/arm-none-eabi/5.4.1/../../../../arm-none-eabi/lib/armv7e-m/fpu/crt0.o
__preinit_array_end                               /usr/local/gcc_arm/bin/../lib/gcc/arm-none-eabi/5.4.1/../../../../arm-none-eabi/lib/armv7e-m/fpu/libg_nano.a(lib_a-init.o)
__preinit_array_start                             /usr/local/gcc_arm/bin/../lib/gcc/arm-none-eabi/5.4.1/../../../../arm-none-eabi/lib/armv7e-m/fpu/libg_nano.a(lib_a-init.o)
__register_frame_info                             /usr/local/gcc_arm/bin/../lib/gcc/arm-none-eabi/5.4.1/armv7e-m/fpu/crtbegin.o
__sf_fake_stderr                                  /usr/local/gcc_arm/bin/../lib/gcc/arm-none-eabi/5.4.1/../../../../arm-none-eabi/lib/armv7e-m/fpu/libg_nano.a(lib_a-impure.o)
__sf_fake_stdin                                   /usr/local/gcc_arm/bin/../lib/gcc/arm-none-eabi/5.4.1/../../../../arm-none-eabi/lib/armv7e-m/fpu/libg_nano.a(lib_a-impure.o)
__sf_fake_stdout                                  /usr/local/gcc_arm/bin/../lib/gcc/arm-none-eabi/5.4.1/../../../../arm-none-eabi/lib/armv7e-m/fpu/libg_nano.a(lib_a-impure.o)
__stack                                           /usr/local/gcc_arm/bin/../lib/gcc/arm-none-eabi/5.4.1/../../../../arm-none-eabi/lib/armv7e-m/fpu/crt0.o
_ebss                                             objdir/stm32f3_startup.o
_edata                                            objdir/stm32f3_startup.o
_estack                                           objdir/stm32f3_startup.o
_exit                                             /usr/local/gcc_arm/bin/../lib/gcc/arm-none-eabi/5.4.1/../../../../arm-none-eabi/lib/armv7e-m/fpu/libg_nano.a(lib_a-exit.o)
_fini                                             /usr/local/gcc_arm/bin/../lib/gcc/arm-none-eabi/5.4.1/armv7e-m/fpu/crti.o
_global_impure_ptr                                /usr/local/gcc_arm/bin/../lib/gcc/arm-none-eabi/5.4.1/../../../../arm-none-eabi/lib/armv7e-m/fpu/libg_nano.a(lib_a-impure.o)
                                                  /usr/local/gcc_arm/bin/../lib/gcc/arm-none-eabi/5.4.1/../../../../arm-none-eabi/lib/armv7e-m/fpu/libg_nano.a(lib_a-exit.o)
_impure_ptr                                       /usr/local/gcc_arm/bin/../lib/gcc/arm-none-eabi/5.4.1/../../../../arm-none-eabi/lib/armv7e-m/fpu/libg_nano.a(lib_a-impure.o)
                                                  /usr/local/gcc_arm/bin/../lib/gcc/arm-none-eabi/5.4.1/../../../../arm-none-eabi/lib/armv7e-m/fpu/libg_nano.a(lib_a-errno.o)
_init                                             /usr/local/gcc_arm/bin/../lib/gcc/arm-none-eabi/5.4.1/armv7e-m/fpu/crti.o
                                                  /usr/local/gcc_arm/bin/../lib/gcc/arm-none-eabi/5.4.1/../../../../arm-none-eabi/lib/armv7e-m/fpu/libg_nano.a(lib_a-init.o)
_mainCRTStartup                                   /usr/local/gcc_arm/bin/../lib/gcc/arm-none-eabi/5.4.1/../../../../arm-none-eabi/lib/armv7e-m/fpu/crt0.o
_sbrk                                             objdir/stm32f3_sysmem.o
_sbss                                             objdir/stm32f3_startup.o
_sdata                                            objdir/stm32f3_startup.o
_sidata                                           objdir/stm32f3_startup.o
_start                                            /usr/local/gcc_arm/bin/../lib/gcc/arm-none-eabi/5.4.1/../../../../arm-none-eabi/lib/armv7e-m/fpu/crt0.o
aes_indep_enc                                     objdir/aes-independant.o
aes_indep_init                                    objdir/aes-independant.o
aes_indep_key                                     objdir/aes-independant.o
aes_indep_mask                                    objdir/aes-independant.o
atexit                                            /usr/local/gcc_arm/bin/../lib/gcc/arm-none-eabi/5.4.1/../../../../arm-none-eabi/lib/armv7e-m/fpu/crt0.o
check_version                                     objdir/simpleserial.o
enckey                                            objdir/aes-independant.o
end                                               objdir/stm32f3_sysmem.o
exit                                              /usr/local/gcc_arm/bin/../lib/gcc/arm-none-eabi/5.4.1/../../../../arm-none-eabi/lib/armv7e-m/fpu/libg_nano.a(lib_a-exit.o)
                                                  /usr/local/gcc_arm/bin/../lib/gcc/arm-none-eabi/5.4.1/../../../../arm-none-eabi/lib/armv7e-m/fpu/crt0.o
g_pfnVectors                                      objdir/stm32f3_startup.o
get_key                                           objdir/simpleserial-base.o
get_pt                                            objdir/simpleserial-base.o
getch                                             objdir/stm32f3_hal.o
                                                  objdir/simpleserial.o
hal_sys_tick                                      objdir/stm32f3_hal_lowlevel.o
hardware_init_hook                                /usr/local/gcc_arm/bin/../lib/gcc/arm-none-eabi/5.4.1/../../../../arm-none-eabi/lib/armv7e-m/fpu/crt0.o
hex_decode                                        objdir/simpleserial.o
init_uart                                         objdir/stm32f3_hal.o
                                                  objdir/simpleserial-base.o
main                                              objdir/simpleserial-base.o
                                                  objdir/stm32f3_startup.o
                                                  /usr/local/gcc_arm/bin/../lib/gcc/arm-none-eabi/5.4.1/../../../../arm-none-eabi/lib/armv7e-m/fpu/crt0.o
memset                                            /usr/local/gcc_arm/bin/../lib/gcc/arm-none-eabi/5.4.1/../../../../arm-none-eabi/lib/armv7e-m/fpu/libg_nano.a(lib_a-memset.o)
                                                  /usr/local/gcc_arm/bin/../lib/gcc/arm-none-eabi/5.4.1/../../../../arm-none-eabi/lib/armv7e-m/fpu/crt0.o
platform_init                                     objdir/stm32f3_hal.o
                                                  objdir/simpleserial-base.o
putch                                             objdir/stm32f3_hal.o
                                                  objdir/simpleserial.o
reset                                             objdir/simpleserial-base.o
rsbox                                             objdir/aes.o
sbox                                              objdir/aes.o
simpleserial_addcmd                               objdir/simpleserial.o
                                                  objdir/simpleserial-base.o
simpleserial_get                                  objdir/simpleserial.o
                                                  objdir/simpleserial-base.o
simpleserial_init                                 objdir/simpleserial.o
                                                  objdir/simpleserial-base.o
simpleserial_put                                  objdir/simpleserial.o
                                                  objdir/simpleserial-base.o
software_init_hook                                /usr/local/gcc_arm/bin/../lib/gcc/arm-none-eabi/5.4.1/../../../../arm-none-eabi/lib/armv7e-m/fpu/crt0.o
trigger_high                                      objdir/stm32f3_hal.o
trigger_low                                       objdir/stm32f3_hal.o
trigger_setup                                     objdir/stm32f3_hal.o
                                                  objdir/simpleserial-base.o
uwTick                                            objdir/stm32f3_hal_lowlevel.o
